// Jest Snapshot v1, https://goo.gl/fbAQLP

exports[`renders ok 1`] = `"[object Object][object Object]"`;
